src/components/chat/ChatInput.tsx(3,44): error TS6133: 'File' is declared but its value is never read.
src/pages/DashboardPage.tsx(9,22): error TS6133: 'TrendingUp' is declared but its value is never read.
