node.exe : 
At line:1 char:1
+ & "C:\Program Files
\nodejs/node.exe" 
"C:\Program 
Files\nodejs/node_mo 
...
+ ~~~~~~~~~~~~~~~~~~~
~~~~~~~~~~~~~~~~~~~~~
~~~~~~~~~~~~~~~~~~~~~
~~~~~~~~
    + CategoryInfo   
           : NotSpe  
  cified: (:String   
 ) [], RemoteExce    
ption
    + FullyQualified 
   ErrorId : Native  
  CommandError
 
node:internal/modules
/run_main:123
    triggerUncaughtEx
ception(
    ^
Error [ERR_MODULE_NOT
_FOUND]: Cannot find 
package '@google/gene
rative-ai' imported 
from C:\Users\vidit s
hrama\Desktop\Chaitan
ya\server\src\brain\L
LMInterface.ts
    at Object.getPack
ageJSONURL (node:inte
rnal/modules/package_
json_reader:266:9)
    at 
packageResolve (node:
internal/modules/esm/
resolve:767:81)
    at moduleResolve 
(node:internal/module
s/esm/resolve:853:18)
    at 
defaultResolve (node:
internal/modules/esm/
resolve:983:11)
    at nextResolve (n
ode:internal/modules/
esm/hooks:748:28)
    at resolveBase (f
ile:///C:/Users/vidit
%20shrama/Desktop/Cha
itanya/server/node_mo
dules/tsx/dist/esm/in
dex.mjs?1767342683300
:2:3744)
    at 
resolveDirectory (fil
e:///C:/Users/vidit%2
0shrama/Desktop/Chait
anya/server/node_modu
les/tsx/dist/esm/inde
x.mjs?1767342683300:2
:4243)
    at 
resolveTsPaths (file:
///C:/Users/vidit%20s
hrama/Desktop/Chaitan
ya/server/node_module
s/tsx/dist/esm/index.
mjs?1767342683300:2:4
984)
    at resolve (file:
///C:/Users/vidit%20s
hrama/Desktop/Chaitan
ya/server/node_module
s/tsx/dist/esm/index.
mjs?1767342683300:2:5
361)
    at nextResolve (n
ode:internal/modules/
esm/hooks:748:28) {
  code: 'ERR_MODULE_N
OT_FOUND'
}

Node.js v22.19.0
